src/app/api/auth/webauthn/verify-authentication-response/route.ts(43,13): error TS2322: Type '(origin: any) => boolean' is not assignable to type 'string | string[]'.
src/app/api/auth/webauthn/verify-authentication-response/route.ts(43,30): error TS7006: Parameter 'origin' implicitly has an 'any' type.
src/app/api/auth/webauthn/verify-registration-response/route.ts(46,13): error TS2322: Type '(origin: any) => boolean' is not assignable to type 'string | string[]'.
src/app/api/auth/webauthn/verify-registration-response/route.ts(46,30): error TS7006: Parameter 'origin' implicitly has an 'any' type.
src/app/api/auth/webauthn/verify-registration-response/route.ts(56,21): error TS2339: Property 'credentialPublicKey' does not exist on type '{ fmt: AttestationFormat; aaguid: string; credential: WebAuthnCredential; credentialType: "public-key"; attestationObject: Uint8Array<ArrayBuffer>; ... 5 more ...; authenticatorExtensionResults?: unknown; }'.
src/app/api/auth/webauthn/verify-registration-response/route.ts(56,42): error TS2339: Property 'credentialID' does not exist on type '{ fmt: AttestationFormat; aaguid: string; credential: WebAuthnCredential; credentialType: "public-key"; attestationObject: Uint8Array<ArrayBuffer>; ... 5 more ...; authenticatorExtensionResults?: unknown; }'.
src/app/api/auth/webauthn/verify-registration-response/route.ts(56,56): error TS2339: Property 'counter' does not exist on type '{ fmt: AttestationFormat; aaguid: string; credential: WebAuthnCredential; credentialType: "public-key"; attestationObject: Uint8Array<ArrayBuffer>; ... 5 more ...; authenticatorExtensionResults?: unknown; }'.
test-supabase-admin.ts(2,25): error TS2307: Cannot find module 'dotenv' or its corresponding type declarations.
